// Jest Snapshot v1, https://goo.gl/fbAQLP

exports[`AddMeal Renders Same as Prior Test 1`] = `
initialize {
  "0": Object {
    "attribs": Object {},
    "children": Array [
      Object {
        "attribs": Object {
          "placeholder": "Name",
          "underlinecolorandroid": "transparent",
        },
        "children": Array [],
        "name": "textinput",
        "namespace": "http://www.w3.org/1999/xhtml",
        "next": Object {
          "attribs": Object {
            "placeholder": "Ingredients: eg '4 cloves of garlic'",
            "underlinecolorandroid": "transparent",
          },
          "children": Array [],
          "name": "textinput",
          "namespace": "http://www.w3.org/1999/xhtml",
          "next": Object {
            "attribs": Object {
              "placeholder": "Steps",
              "underlinecolorandroid": "transparent",
            },
            "children": Array [],
            "name": "textinput",
            "namespace": "http://www.w3.org/1999/xhtml",
            "next": Object {
              "attribs": Object {
                "placeholder": "Servings",
                "underlinecolorandroid": "transparent",
              },
              "children": Array [],
              "name": "textinput",
              "namespace": "http://www.w3.org/1999/xhtml",
              "next": Object {
                "attribs": Object {
                  "focusable": "true",
                  "style": "background-color:#9FC9AE;padding:10px;border-radius:10px;margin-horizontal:5px;align-self:flex-end;align-items:center;position:relative",
                },
                "children": Array [
                  Object {
                    "attribs": Object {
                      "style": "color:white",
                    },
                    "children": Array [
                      Object {
                        "data": "Add Meal",
                        "next": null,
                        "parent": [Circular],
                        "prev": null,
                        "type": "text",
                      },
                    ],
                    "name": "text",
                    "namespace": "http://www.w3.org/1999/xhtml",
                    "next": null,
                    "parent": [Circular],
                    "prev": null,
                    "type": "tag",
                    "x-attribsNamespace": Object {
                      "style": undefined,
                    },
                    "x-attribsPrefix": Object {
                      "style": undefined,
                    },
                  },
                ],
                "name": "view",
                "namespace": "http://www.w3.org/1999/xhtml",
                "next": null,
                "parent": [Circular],
                "prev": [Circular],
                "type": "tag",
                "x-attribsNamespace": Object {
                  "focusable": undefined,
                  "style": undefined,
                },
                "x-attribsPrefix": Object {
                  "focusable": undefined,
                  "style": undefined,
                },
              },
              "parent": [Circular],
              "prev": [Circular],
              "type": "tag",
              "x-attribsNamespace": Object {
                "placeholder": undefined,
                "underlinecolorandroid": undefined,
              },
              "x-attribsPrefix": Object {
                "placeholder": undefined,
                "underlinecolorandroid": undefined,
              },
            },
            "parent": [Circular],
            "prev": [Circular],
            "type": "tag",
            "x-attribsNamespace": Object {
              "placeholder": undefined,
              "underlinecolorandroid": undefined,
            },
            "x-attribsPrefix": Object {
              "placeholder": undefined,
              "underlinecolorandroid": undefined,
            },
          },
          "parent": [Circular],
          "prev": [Circular],
          "type": "tag",
          "x-attribsNamespace": Object {
            "placeholder": undefined,
            "underlinecolorandroid": undefined,
          },
          "x-attribsPrefix": Object {
            "placeholder": undefined,
            "underlinecolorandroid": undefined,
          },
        },
        "parent": [Circular],
        "prev": null,
        "type": "tag",
        "x-attribsNamespace": Object {
          "placeholder": undefined,
          "underlinecolorandroid": undefined,
        },
        "x-attribsPrefix": Object {
          "placeholder": undefined,
          "underlinecolorandroid": undefined,
        },
      },
      Object {
        "attribs": Object {
          "placeholder": "Ingredients: eg '4 cloves of garlic'",
          "underlinecolorandroid": "transparent",
        },
        "children": Array [],
        "name": "textinput",
        "namespace": "http://www.w3.org/1999/xhtml",
        "next": Object {
          "attribs": Object {
            "placeholder": "Steps",
            "underlinecolorandroid": "transparent",
          },
          "children": Array [],
          "name": "textinput",
          "namespace": "http://www.w3.org/1999/xhtml",
          "next": Object {
            "attribs": Object {
              "placeholder": "Servings",
              "underlinecolorandroid": "transparent",
            },
            "children": Array [],
            "name": "textinput",
            "namespace": "http://www.w3.org/1999/xhtml",
            "next": Object {
              "attribs": Object {
                "focusable": "true",
                "style": "background-color:#9FC9AE;padding:10px;border-radius:10px;margin-horizontal:5px;align-self:flex-end;align-items:center;position:relative",
              },
              "children": Array [
                Object {
                  "attribs": Object {
                    "style": "color:white",
                  },
                  "children": Array [
                    Object {
                      "data": "Add Meal",
                      "next": null,
                      "parent": [Circular],
                      "prev": null,
                      "type": "text",
                    },
                  ],
                  "name": "text",
                  "namespace": "http://www.w3.org/1999/xhtml",
                  "next": null,
                  "parent": [Circular],
                  "prev": null,
                  "type": "tag",
                  "x-attribsNamespace": Object {
                    "style": undefined,
                  },
                  "x-attribsPrefix": Object {
                    "style": undefined,
                  },
                },
              ],
              "name": "view",
              "namespace": "http://www.w3.org/1999/xhtml",
              "next": null,
              "parent": [Circular],
              "prev": [Circular],
              "type": "tag",
              "x-attribsNamespace": Object {
                "focusable": undefined,
                "style": undefined,
              },
              "x-attribsPrefix": Object {
                "focusable": undefined,
                "style": undefined,
              },
            },
            "parent": [Circular],
            "prev": [Circular],
            "type": "tag",
            "x-attribsNamespace": Object {
              "placeholder": undefined,
              "underlinecolorandroid": undefined,
            },
            "x-attribsPrefix": Object {
              "placeholder": undefined,
              "underlinecolorandroid": undefined,
            },
          },
          "parent": [Circular],
          "prev": [Circular],
          "type": "tag",
          "x-attribsNamespace": Object {
            "placeholder": undefined,
            "underlinecolorandroid": undefined,
          },
          "x-attribsPrefix": Object {
            "placeholder": undefined,
            "underlinecolorandroid": undefined,
          },
        },
        "parent": [Circular],
        "prev": Object {
          "attribs": Object {
            "placeholder": "Name",
            "underlinecolorandroid": "transparent",
          },
          "children": Array [],
          "name": "textinput",
          "namespace": "http://www.w3.org/1999/xhtml",
          "next": [Circular],
          "parent": [Circular],
          "prev": null,
          "type": "tag",
          "x-attribsNamespace": Object {
            "placeholder": undefined,
            "underlinecolorandroid": undefined,
          },
          "x-attribsPrefix": Object {
            "placeholder": undefined,
            "underlinecolorandroid": undefined,
          },
        },
        "type": "tag",
        "x-attribsNamespace": Object {
          "placeholder": undefined,
          "underlinecolorandroid": undefined,
        },
        "x-attribsPrefix": Object {
          "placeholder": undefined,
          "underlinecolorandroid": undefined,
        },
      },
      Object {
        "attribs": Object {
          "placeholder": "Steps",
          "underlinecolorandroid": "transparent",
        },
        "children": Array [],
        "name": "textinput",
        "namespace": "http://www.w3.org/1999/xhtml",
        "next": Object {
          "attribs": Object {
            "placeholder": "Servings",
            "underlinecolorandroid": "transparent",
          },
          "children": Array [],
          "name": "textinput",
          "namespace": "http://www.w3.org/1999/xhtml",
          "next": Object {
            "attribs": Object {
              "focusable": "true",
              "style": "background-color:#9FC9AE;padding:10px;border-radius:10px;margin-horizontal:5px;align-self:flex-end;align-items:center;position:relative",
            },
            "children": Array [
              Object {
                "attribs": Object {
                  "style": "color:white",
                },
                "children": Array [
                  Object {
                    "data": "Add Meal",
                    "next": null,
                    "parent": [Circular],
                    "prev": null,
                    "type": "text",
                  },
                ],
                "name": "text",
                "namespace": "http://www.w3.org/1999/xhtml",
                "next": null,
                "parent": [Circular],
                "prev": null,
                "type": "tag",
                "x-attribsNamespace": Object {
                  "style": undefined,
                },
                "x-attribsPrefix": Object {
                  "style": undefined,
                },
              },
            ],
            "name": "view",
            "namespace": "http://www.w3.org/1999/xhtml",
            "next": null,
            "parent": [Circular],
            "prev": [Circular],
            "type": "tag",
            "x-attribsNamespace": Object {
              "focusable": undefined,
              "style": undefined,
            },
            "x-attribsPrefix": Object {
              "focusable": undefined,
              "style": undefined,
            },
          },
          "parent": [Circular],
          "prev": [Circular],
          "type": "tag",
          "x-attribsNamespace": Object {
            "placeholder": undefined,
            "underlinecolorandroid": undefined,
          },
          "x-attribsPrefix": Object {
            "placeholder": undefined,
            "underlinecolorandroid": undefined,
          },
        },
        "parent": [Circular],
        "prev": Object {
          "attribs": Object {
            "placeholder": "Ingredients: eg '4 cloves of garlic'",
            "underlinecolorandroid": "transparent",
          },
          "children": Array [],
          "name": "textinput",
          "namespace": "http://www.w3.org/1999/xhtml",
          "next": [Circular],
          "parent": [Circular],
          "prev": Object {
            "attribs": Object {
              "placeholder": "Name",
              "underlinecolorandroid": "transparent",
            },
            "children": Array [],
            "name": "textinput",
            "namespace": "http://www.w3.org/1999/xhtml",
            "next": [Circular],
            "parent": [Circular],
            "prev": null,
            "type": "tag",
            "x-attribsNamespace": Object {
              "placeholder": undefined,
              "underlinecolorandroid": undefined,
            },
            "x-attribsPrefix": Object {
              "placeholder": undefined,
              "underlinecolorandroid": undefined,
            },
          },
          "type": "tag",
          "x-attribsNamespace": Object {
            "placeholder": undefined,
            "underlinecolorandroid": undefined,
          },
          "x-attribsPrefix": Object {
            "placeholder": undefined,
            "underlinecolorandroid": undefined,
          },
        },
        "type": "tag",
        "x-attribsNamespace": Object {
          "placeholder": undefined,
          "underlinecolorandroid": undefined,
        },
        "x-attribsPrefix": Object {
          "placeholder": undefined,
          "underlinecolorandroid": undefined,
        },
      },
      Object {
        "attribs": Object {
          "placeholder": "Servings",
          "underlinecolorandroid": "transparent",
        },
        "children": Array [],
        "name": "textinput",
        "namespace": "http://www.w3.org/1999/xhtml",
        "next": Object {
          "attribs": Object {
            "focusable": "true",
            "style": "background-color:#9FC9AE;padding:10px;border-radius:10px;margin-horizontal:5px;align-self:flex-end;align-items:center;position:relative",
          },
          "children": Array [
            Object {
              "attribs": Object {
                "style": "color:white",
              },
              "children": Array [
                Object {
                  "data": "Add Meal",
                  "next": null,
                  "parent": [Circular],
                  "prev": null,
                  "type": "text",
                },
              ],
              "name": "text",
              "namespace": "http://www.w3.org/1999/xhtml",
              "next": null,
              "parent": [Circular],
              "prev": null,
              "type": "tag",
              "x-attribsNamespace": Object {
                "style": undefined,
              },
              "x-attribsPrefix": Object {
                "style": undefined,
              },
            },
          ],
          "name": "view",
          "namespace": "http://www.w3.org/1999/xhtml",
          "next": null,
          "parent": [Circular],
          "prev": [Circular],
          "type": "tag",
          "x-attribsNamespace": Object {
            "focusable": undefined,
            "style": undefined,
          },
          "x-attribsPrefix": Object {
            "focusable": undefined,
            "style": undefined,
          },
        },
        "parent": [Circular],
        "prev": Object {
          "attribs": Object {
            "placeholder": "Steps",
            "underlinecolorandroid": "transparent",
          },
          "children": Array [],
          "name": "textinput",
          "namespace": "http://www.w3.org/1999/xhtml",
          "next": [Circular],
          "parent": [Circular],
          "prev": Object {
            "attribs": Object {
              "placeholder": "Ingredients: eg '4 cloves of garlic'",
              "underlinecolorandroid": "transparent",
            },
            "children": Array [],
            "name": "textinput",
            "namespace": "http://www.w3.org/1999/xhtml",
            "next": [Circular],
            "parent": [Circular],
            "prev": Object {
              "attribs": Object {
                "placeholder": "Name",
                "underlinecolorandroid": "transparent",
              },
              "children": Array [],
              "name": "textinput",
              "namespace": "http://www.w3.org/1999/xhtml",
              "next": [Circular],
              "parent": [Circular],
              "prev": null,
              "type": "tag",
              "x-attribsNamespace": Object {
                "placeholder": undefined,
                "underlinecolorandroid": undefined,
              },
              "x-attribsPrefix": Object {
                "placeholder": undefined,
                "underlinecolorandroid": undefined,
              },
            },
            "type": "tag",
            "x-attribsNamespace": Object {
              "placeholder": undefined,
              "underlinecolorandroid": undefined,
            },
            "x-attribsPrefix": Object {
              "placeholder": undefined,
              "underlinecolorandroid": undefined,
            },
          },
          "type": "tag",
          "x-attribsNamespace": Object {
            "placeholder": undefined,
            "underlinecolorandroid": undefined,
          },
          "x-attribsPrefix": Object {
            "placeholder": undefined,
            "underlinecolorandroid": undefined,
          },
        },
        "type": "tag",
        "x-attribsNamespace": Object {
          "placeholder": undefined,
          "underlinecolorandroid": undefined,
        },
        "x-attribsPrefix": Object {
          "placeholder": undefined,
          "underlinecolorandroid": undefined,
        },
      },
      Object {
        "attribs": Object {
          "focusable": "true",
          "style": "background-color:#9FC9AE;padding:10px;border-radius:10px;margin-horizontal:5px;align-self:flex-end;align-items:center;position:relative",
        },
        "children": Array [
          Object {
            "attribs": Object {
              "style": "color:white",
            },
            "children": Array [
              Object {
                "data": "Add Meal",
                "next": null,
                "parent": [Circular],
                "prev": null,
                "type": "text",
              },
            ],
            "name": "text",
            "namespace": "http://www.w3.org/1999/xhtml",
            "next": null,
            "parent": [Circular],
            "prev": null,
            "type": "tag",
            "x-attribsNamespace": Object {
              "style": undefined,
            },
            "x-attribsPrefix": Object {
              "style": undefined,
            },
          },
        ],
        "name": "view",
        "namespace": "http://www.w3.org/1999/xhtml",
        "next": null,
        "parent": [Circular],
        "prev": Object {
          "attribs": Object {
            "placeholder": "Servings",
            "underlinecolorandroid": "transparent",
          },
          "children": Array [],
          "name": "textinput",
          "namespace": "http://www.w3.org/1999/xhtml",
          "next": [Circular],
          "parent": [Circular],
          "prev": Object {
            "attribs": Object {
              "placeholder": "Steps",
              "underlinecolorandroid": "transparent",
            },
            "children": Array [],
            "name": "textinput",
            "namespace": "http://www.w3.org/1999/xhtml",
            "next": [Circular],
            "parent": [Circular],
            "prev": Object {
              "attribs": Object {
                "placeholder": "Ingredients: eg '4 cloves of garlic'",
                "underlinecolorandroid": "transparent",
              },
              "children": Array [],
              "name": "textinput",
              "namespace": "http://www.w3.org/1999/xhtml",
              "next": [Circular],
              "parent": [Circular],
              "prev": Object {
                "attribs": Object {
                  "placeholder": "Name",
                  "underlinecolorandroid": "transparent",
                },
                "children": Array [],
                "name": "textinput",
                "namespace": "http://www.w3.org/1999/xhtml",
                "next": [Circular],
                "parent": [Circular],
                "prev": null,
                "type": "tag",
                "x-attribsNamespace": Object {
                  "placeholder": undefined,
                  "underlinecolorandroid": undefined,
                },
                "x-attribsPrefix": Object {
                  "placeholder": undefined,
                  "underlinecolorandroid": undefined,
                },
              },
              "type": "tag",
              "x-attribsNamespace": Object {
                "placeholder": undefined,
                "underlinecolorandroid": undefined,
              },
              "x-attribsPrefix": Object {
                "placeholder": undefined,
                "underlinecolorandroid": undefined,
              },
            },
            "type": "tag",
            "x-attribsNamespace": Object {
              "placeholder": undefined,
              "underlinecolorandroid": undefined,
            },
            "x-attribsPrefix": Object {
              "placeholder": undefined,
              "underlinecolorandroid": undefined,
            },
          },
          "type": "tag",
          "x-attribsNamespace": Object {
            "placeholder": undefined,
            "underlinecolorandroid": undefined,
          },
          "x-attribsPrefix": Object {
            "placeholder": undefined,
            "underlinecolorandroid": undefined,
          },
        },
        "type": "tag",
        "x-attribsNamespace": Object {
          "focusable": undefined,
          "style": undefined,
        },
        "x-attribsPrefix": Object {
          "focusable": undefined,
          "style": undefined,
        },
      },
    ],
    "name": "view",
    "namespace": "http://www.w3.org/1999/xhtml",
    "next": null,
    "parent": null,
    "prev": null,
    "root": Object {
      "attribs": Object {},
      "children": Array [
        [Circular],
      ],
      "name": "root",
      "namespace": "http://www.w3.org/1999/xhtml",
      "next": null,
      "parent": null,
      "prev": null,
      "type": "root",
      "x-attribsNamespace": Object {},
      "x-attribsPrefix": Object {},
    },
    "type": "tag",
    "x-attribsNamespace": Object {},
    "x-attribsPrefix": Object {},
  },
  "_root": [Circular],
  "length": 1,
  "options": Object {
    "decodeEntities": true,
    "normalizeWhitespace": false,
    "withDomLvl1": true,
    "xml": false,
  },
}
`;
