// Jest Snapshot v1, https://goo.gl/fbAQLP

exports[`renders Account header 1`] = `ShallowWrapper {}`;
